RAM Allocation
Variable                                                          Address   Size
--------------------------------------------------------------------------------
puse_sekundes                                                     0260h        2
viena_minute5                                                     0262h        4
viena_sekunde3                                                    0266h        4
PILNAS                                                            026Ah        1
TUSCIAS                                                           026Bh        1
KROVIMAS                                                          026Ch        1
ISKROVIMAS                                                        026Dh        1
BATERIJOS_BUSENA                                                  026Eh        1
OSC                                                               026Fh        1
MYGTUKAS_1                                                        0270h        1
MYGTUKAS_2                                                        0271h        1
MYGTUKAS_3                                                        0272h        1
MYGTUKAS_4                                                        0273h        1
MYGTUKAS_5                                                        0274h        1
MYGTUKAS_6                                                        0275h        1
MYGTUKAS_7                                                        0276h        1
MYGTUKAS_PASPAUSTAS                                               0277h        1
segm_a                                                            0278h        1
segm_b                                                            0279h        1
segm_c                                                            027Ah        1
segm_d                                                            027Bh        1
segm_e                                                            027Ch        1
segm_f                                                            027Dh        1
segm_g                                                            027Eh        1
segm_h                                                            027Fh        1
LAIKRODIS                                                         0280h        1
sekundes                                                          0281h        1
minutes                                                           0282h        1
desimtys_minutes                                                  0283h        1
valandos                                                          0284h        1
desimtys_valandos                                                 0285h        1
a                                                                 0286h        1
x                                                                 0287h        1
y                                                                 0288h        1
z                                                                 0289h        1
k                                                                 028Ah        1
a2                                                                028Bh        1
b2                                                                028Ch        1
c2                                                                028Dh        1
d2                                                                028Eh        1
b                                                                 028Fh        1
d                                                                 0290h        1
e                                                                 0291h        1
f                                                                 0292h        1
g                                                                 0293h        1
i                                                                 0294h        1
REDAGAVIMAS                                                       0295h        1
REDAG_SK_NR                                                       0296h        1
EILUTES_SKAICIUS                                                  0297h        1
EIL_SK                                                            0298h        1
BLYKCIOTI                                                         0299h        1
PENKIOLIKA_SEKUNDZIU                                              029Ah        1
DESIMT_SEKUNDZIU                                                  029Bh        1
SKAMBUTIS_TURETU_SKAMBETI                                         029Ch        1
Sesios_sekundes                                                   029Dh        1
SKAMBUTIS_SKAMBA                                                  029Eh        1
ISPEJAMASIS_SKAMBUTIS                                             029Fh        1
DB_LAIKO_RODYMAS                                                  02A0h        1
UZRAKINTA                                                         02A1h        1
UZRAKTO_KODAS_1                                                   02A2h        1
UZRAKTO_KODAS_2                                                   02A3h        1
UZRAKTO_KODAS_3                                                   02A4h        1
UZRAKTO_KODAS_4                                                   02A5h        1
REDAG_UZRAKT_SKAIC                                                02A6h        1
a1                                                                02A7h        1
b1                                                                02A8h        1
c1                                                                02A9h        1
d1                                                                02AAh        1
KELINTADIENIO_PERZIURA                                            02ABh        1
KELINTADIENIS                                                     02ACh        1
KELINTADIENIO_REDAGAVIMAS                                         02ADh        1
krovimo_uzlaikymas0                                               02AEh        2
krovimo_uzlaikymas1                                               02B0h        1
krovimo_uzlaikymas2                                               02B1h        1

EEPROM Allocation
Variable                                                          Address   Size
--------------------------------------------------------------------------------
SKAMBUTIS_1dh                                                     0000h        1
SKAMBUTIS_1h                                                      0001h        1
SKAMBUTIS_1dm                                                     0002h        1
SKAMBUTIS_1m                                                      0003h        1
SKAMBUTIS_2dh                                                     0004h        1
SKAMBUTIS_2h                                                      0005h        1
SKAMBUTIS_2dm                                                     0006h        1
SKAMBUTIS_2m                                                      0007h        1
SKAMBUTIS_3dh                                                     0008h        1
SKAMBUTIS_3h                                                      0009h        1
SKAMBUTIS_3dm                                                     000Ah        1
SKAMBUTIS_3m                                                      000Bh        1
SKAMBUTIS_4dh                                                     000Ch        1
SKAMBUTIS_4h                                                      000Dh        1
SKAMBUTIS_4dm                                                     000Eh        1
SKAMBUTIS_4m                                                      000Fh        1
SKAMBUTIS_5dh                                                     0010h        1
SKAMBUTIS_5h                                                      0011h        1
SKAMBUTIS_5dm                                                     0012h        1
SKAMBUTIS_5m                                                      0013h        1
SKAMBUTIS_6dh                                                     0014h        1
SKAMBUTIS_6h                                                      0015h        1
SKAMBUTIS_6dm                                                     0016h        1
SKAMBUTIS_6m                                                      0017h        1
SKAMBUTIS_7dh                                                     0018h        1
SKAMBUTIS_7h                                                      0019h        1
SKAMBUTIS_7dm                                                     001Ah        1
SKAMBUTIS_7m                                                      001Bh        1
SKAMBUTIS_8dh                                                     001Ch        1
SKAMBUTIS_8h                                                      001Dh        1
SKAMBUTIS_8dm                                                     001Eh        1
SKAMBUTIS_8m                                                      001Fh        1
SKAMBUTIS_9dh                                                     0020h        1
SKAMBUTIS_9h                                                      0021h        1
SKAMBUTIS_9dm                                                     0022h        1
SKAMBUTIS_9m                                                      0023h        1
SKAMBUTIS_10dh                                                    0024h        1
SKAMBUTIS_10h                                                     0025h        1
SKAMBUTIS_10dm                                                    0026h        1
SKAMBUTIS_10m                                                     0027h        1
SKAMBUTIS_11dh                                                    0028h        1
SKAMBUTIS_11h                                                     0029h        1
SKAMBUTIS_11dm                                                    002Ah        1
SKAMBUTIS_11m                                                     002Bh        1
SKAMBUTIS_12dh                                                    002Ch        1
SKAMBUTIS_12h                                                     002Dh        1
SKAMBUTIS_12dm                                                    002Eh        1
SKAMBUTIS_12m                                                     002Fh        1
SKAMBUTIS_13dh                                                    0030h        1
SKAMBUTIS_13h                                                     0031h        1
SKAMBUTIS_13dm                                                    0032h        1
SKAMBUTIS_13m                                                     0033h        1
SKAMBUTIS_14dh                                                    0034h        1
SKAMBUTIS_14h                                                     0035h        1
SKAMBUTIS_14dm                                                    0036h        1
SKAMBUTIS_14m                                                     0037h        1
SKAMBUTIS_15dh                                                    0038h        1
SKAMBUTIS_15h                                                     0039h        1
SKAMBUTIS_15dm                                                    003Ah        1
SKAMBUTIS_15m                                                     003Bh        1
SKAMBUTIS_16dh                                                    003Ch        1
SKAMBUTIS_16h                                                     003Dh        1
SKAMBUTIS_16dm                                                    003Eh        1
SKAMBUTIS_16m                                                     003Fh        1
SKAMBUTIS_17dh                                                    0040h        1
SKAMBUTIS_17h                                                     0041h        1
SKAMBUTIS_17dm                                                    0042h        1
SKAMBUTIS_17m                                                     0043h        1
SKAMBUTIS_18dh                                                    0044h        1
SKAMBUTIS_18h                                                     0045h        1
SKAMBUTIS_18dm                                                    0046h        1
SKAMBUTIS_18m                                                     0047h        1
SKAMBUTIS_19dh                                                    0048h        1
SKAMBUTIS_19h                                                     0049h        1
SKAMBUTIS_19dm                                                    004Ah        1
SKAMBUTIS_19m                                                     004Bh        1
SKAMBUTIS_20dh                                                    004Ch        1
SKAMBUTIS_20h                                                     004Dh        1
SKAMBUTIS_20dm                                                    004Eh        1
SKAMBUTIS_20m                                                     004Fh        1

Register Allocation
Variable                                                          Register  Size
--------------------------------------------------------------------------------
viena_sekunde1                                                    R4,R5        2
viena_sekunde2                                                    R6,R7        2
viena_sekunde4                                                    R8,R9        2
penkios_minutes                                                   R10,R11      2
viena_sekunde5                                                    R12,R13      2
