RAM Allocation
Variable                                                          Address   Size
--------------------------------------------------------------------------------
puse_sekundes                                                     0260h        2
viena_minute5                                                     0262h        4
viena_sekunde3                                                    0266h        4
PILNAS                                                            026Ah        1
TUSCIAS                                                           026Bh        1
KROVIMAS                                                          026Ch        1
ISKROVIMAS                                                        026Dh        1
BATERIJOS_BUSENA                                                  026Eh        1
OSC                                                               026Fh        1
MYGTUKAS_1                                                        0270h        1
MYGTUKAS_2                                                        0271h        1
MYGTUKAS_3                                                        0272h        1
MYGTUKAS_4                                                        0273h        1
MYGTUKAS_5                                                        0274h        1
MYGTUKAS_6                                                        0275h        1
MYGTUKAS_7                                                        0276h        1
MYGTUKAS_PASPAUSTAS                                               0277h        1
segm_a                                                            0278h        1
segm_b                                                            0279h        1
segm_c                                                            027Ah        1
segm_d                                                            027Bh        1
segm_e                                                            027Ch        1
segm_f                                                            027Dh        1
segm_g                                                            027Eh        1
segm_h                                                            027Fh        1
LAIKRODIS                                                         0280h        1
sekundes                                                          0281h        1
minutes                                                           0282h        1
desimtys_minutes                                                  0283h        1
valandos                                                          0284h        1
desimtys_valandos                                                 0285h        1
a                                                                 0286h        1
x                                                                 0287h        1
y                                                                 0288h        1
z                                                                 0289h        1
k                                                                 028Ah        1
a2                                                                028Bh        1
b2                                                                028Ch        1
c2                                                                028Dh        1
d2                                                                028Eh        1
b                                                                 028Fh        1
d                                                                 0290h        1
e                                                                 0291h        1
f                                                                 0292h        1
g                                                                 0293h        1
i                                                                 0294h        1
REDAGAVIMAS                                                       0295h        1
REDAG_SK_NR                                                       0296h        1
EILUTES_SKAICIUS                                                  0297h        1
EIL_SK                                                            0298h        1
BLYKCIOTI                                                         0299h        1
PENKIOLIKA_SEKUNDZIU                                              029Ah        1
DESIMT_SEKUNDZIU                                                  029Bh        1
SKAMBUTIS_TURETU_SKAMBETI                                         029Ch        1
Sesios_sekundes                                                   029Dh        1
SKAMBUTIS_SKAMBA                                                  029Eh        1
ISPEJAMASIS_SKAMBUTIS                                             029Fh        1
DB_LAIKO_RODYMAS                                                  02A0h        1
UZRAKINTA                                                         02A1h        1
UZRAKTO_KODAS_1                                                   02A2h        1
UZRAKTO_KODAS_2                                                   02A3h        1
UZRAKTO_KODAS_3                                                   02A4h        1
UZRAKTO_KODAS_4                                                   02A5h        1
REDAG_UZRAKT_SKAIC                                                02A6h        1
a1                                                                02A7h        1
b1                                                                02A8h        1
c1                                                                02A9h        1
d1                                                                02AAh        1
KELINTADIENIO_PERZIURA                                            02ABh        1
KELINTADIENIS                                                     02ACh        1
KELINTADIENIO_REDAGAVIMAS                                         02ADh        1
SKAMBUTIS_1dh                                                     02AEh        1
SKAMBUTIS_1h                                                      02AFh        1
SKAMBUTIS_1dm                                                     02B0h        1
SKAMBUTIS_1m                                                      02B1h        1
SKAMBUTIS_2dh                                                     02B2h        1
SKAMBUTIS_2h                                                      02B3h        1
SKAMBUTIS_2dm                                                     02B4h        1
SKAMBUTIS_2m                                                      02B5h        1
SKAMBUTIS_3dh                                                     02B6h        1
SKAMBUTIS_3h                                                      02B7h        1
SKAMBUTIS_3dm                                                     02B8h        1
SKAMBUTIS_3m                                                      02B9h        1
SKAMBUTIS_4dh                                                     02BAh        1
SKAMBUTIS_4h                                                      02BBh        1
SKAMBUTIS_4dm                                                     02BCh        1
SKAMBUTIS_4m                                                      02BDh        1
SKAMBUTIS_5dh                                                     02BEh        1
SKAMBUTIS_5h                                                      02BFh        1
SKAMBUTIS_5dm                                                     02C0h        1
SKAMBUTIS_5m                                                      02C1h        1
SKAMBUTIS_6dh                                                     02C2h        1
SKAMBUTIS_6h                                                      02C3h        1
SKAMBUTIS_6dm                                                     02C4h        1
SKAMBUTIS_6m                                                      02C5h        1
SKAMBUTIS_7dh                                                     02C6h        1
SKAMBUTIS_7h                                                      02C7h        1
SKAMBUTIS_7dm                                                     02C8h        1
SKAMBUTIS_7m                                                      02C9h        1
SKAMBUTIS_8dh                                                     02CAh        1
SKAMBUTIS_8h                                                      02CBh        1
SKAMBUTIS_8dm                                                     02CCh        1
SKAMBUTIS_8m                                                      02CDh        1
SKAMBUTIS_9dh                                                     02CEh        1
SKAMBUTIS_9h                                                      02CFh        1
SKAMBUTIS_9dm                                                     02D0h        1
SKAMBUTIS_9m                                                      02D1h        1
SKAMBUTIS_10dh                                                    02D2h        1
SKAMBUTIS_10h                                                     02D3h        1
SKAMBUTIS_10dm                                                    02D4h        1
SKAMBUTIS_10m                                                     02D5h        1
SKAMBUTIS_11dh                                                    02D6h        1
SKAMBUTIS_11h                                                     02D7h        1
SKAMBUTIS_11dm                                                    02D8h        1
SKAMBUTIS_11m                                                     02D9h        1
SKAMBUTIS_12dh                                                    02DAh        1
SKAMBUTIS_12h                                                     02DBh        1
SKAMBUTIS_12dm                                                    02DCh        1
SKAMBUTIS_12m                                                     02DDh        1
SKAMBUTIS_13dh                                                    02DEh        1
SKAMBUTIS_13h                                                     02DFh        1
SKAMBUTIS_13dm                                                    02E0h        1
SKAMBUTIS_13m                                                     02E1h        1
SKAMBUTIS_14dh                                                    02E2h        1
SKAMBUTIS_14h                                                     02E3h        1
SKAMBUTIS_14dm                                                    02E4h        1
SKAMBUTIS_14m                                                     02E5h        1
SKAMBUTIS_15dh                                                    02E6h        1
SKAMBUTIS_15h                                                     02E7h        1
SKAMBUTIS_15dm                                                    02E8h        1
SKAMBUTIS_15m                                                     02E9h        1
SKAMBUTIS_16dh                                                    02EAh        1
SKAMBUTIS_16h                                                     02EBh        1
SKAMBUTIS_16dm                                                    02ECh        1
SKAMBUTIS_16m                                                     02EDh        1
SKAMBUTIS_17dh                                                    02EEh        1
SKAMBUTIS_17h                                                     02EFh        1
SKAMBUTIS_17dm                                                    02F0h        1
SKAMBUTIS_17m                                                     02F1h        1
SKAMBUTIS_18dh                                                    02F2h        1
SKAMBUTIS_18h                                                     02F3h        1
SKAMBUTIS_18dm                                                    02F4h        1
SKAMBUTIS_18m                                                     02F5h        1
SKAMBUTIS_19dh                                                    02F6h        1
SKAMBUTIS_19h                                                     02F7h        1
SKAMBUTIS_19dm                                                    02F8h        1
SKAMBUTIS_19m                                                     02F9h        1
SKAMBUTIS_20dh                                                    02FAh        1
SKAMBUTIS_20h                                                     02FBh        1
SKAMBUTIS_20dm                                                    02FCh        1
SKAMBUTIS_20m                                                     02FDh        1

EEPROM Allocation
Variable                                                          Address   Size
--------------------------------------------------------------------------------

Register Allocation
Variable                                                          Register  Size
--------------------------------------------------------------------------------
viena_sekunde1                                                    R4,R5        2
viena_sekunde2                                                    R6,R7        2
viena_sekunde4                                                    R8,R9        2
penkios_minutes                                                   R10,R11      2
viena_sekunde5                                                    R12,R13      2
